#-----------------------------------------------------------
# Webtalk v2020.1 (64-bit)
# SW Build 2902540 on Wed May 27 19:54:35 MDT 2020
# IP Build 2902112 on Wed May 27 22:43:36 MDT 2020
# Start of session at: Mon Nov 23 21:23:10 2020
# Process ID: 16599
# Current directory: /media/psf/Home/Documents/IV_Rok/ESL_tutorials/01_led_blinker/vivado_led_blinker/vivado_led_blinker.sim/sim_1/synth/func/xsim
# Command line: wbtcv -mode batch -source /media/psf/Home/Documents/IV_Rok/ESL_tutorials/01_led_blinker/vivado_led_blinker/vivado_led_blinker.sim/sim_1/synth/func/xsim/xsim.dir/blinker_func_synth/webtalk/xsim_webtalk.tcl -notrace
# Log file: /media/psf/Home/Documents/IV_Rok/ESL_tutorials/01_led_blinker/vivado_led_blinker/vivado_led_blinker.sim/sim_1/synth/func/xsim/webtalk.log
# Journal file: /media/psf/Home/Documents/IV_Rok/ESL_tutorials/01_led_blinker/vivado_led_blinker/vivado_led_blinker.sim/sim_1/synth/func/xsim/webtalk.jou
#-----------------------------------------------------------
source /media/psf/Home/Documents/IV_Rok/ESL_tutorials/01_led_blinker/vivado_led_blinker/vivado_led_blinker.sim/sim_1/synth/func/xsim/xsim.dir/blinker_func_synth/webtalk/xsim_webtalk.tcl -notrace
